============================================================
START: method=grpo_standard seed=1
TIME:  Tue Aug  4 04:01:12 UTC 2026
LOG:   logs/grpo_standard_full_seed1.log
============================================================
============================================================
DONE:  method=grpo_standard seed=1
TIME:  Tue Aug  4 04:47:43 UTC 2026
============================================================
============================================================
START: method=dr_grpo seed=1
TIME:  Tue Aug  4 04:47:43 UTC 2026
LOG:   logs/dr_grpo_full_seed1.log
============================================================
============================================================
DONE:  method=dr_grpo seed=1
TIME:  Tue Aug  4 05:36:05 UTC 2026
============================================================
============================================================
START: method=offpolicy_clip seed=1
TIME:  Tue Aug  4 05:36:05 UTC 2026
LOG:   logs/offpolicy_clip_full_seed1.log
============================================================
============================================================
DONE:  method=offpolicy_clip seed=1
TIME:  Tue Aug  4 06:20:16 UTC 2026
============================================================
============================================================
START: method=grpo_standard seed=2
TIME:  Tue Aug  4 06:20:16 UTC 2026
LOG:   logs/grpo_standard_full_seed2.log
============================================================
============================================================
DONE:  method=grpo_standard seed=2
TIME:  Tue Aug  4 07:12:33 UTC 2026
============================================================
============================================================
START: method=dr_grpo seed=2
TIME:  Tue Aug  4 07:12:33 UTC 2026
LOG:   logs/dr_grpo_full_seed2.log
============================================================
============================================================
DONE:  method=dr_grpo seed=2
TIME:  Tue Aug  4 07:59:06 UTC 2026
============================================================
============================================================
START: method=offpolicy_clip seed=2
TIME:  Tue Aug  4 07:59:06 UTC 2026
LOG:   logs/offpolicy_clip_full_seed2.log
============================================================
============================================================
DONE:  method=offpolicy_clip seed=2
TIME:  Tue Aug  4 09:19:54 UTC 2026
============================================================
============================================================
START: method=grpo_standard seed=3
TIME:  Tue Aug  4 09:19:54 UTC 2026
LOG:   logs/grpo_standard_full_seed3.log
============================================================
============================================================
DONE:  method=grpo_standard seed=3
TIME:  Tue Aug  4 10:07:03 UTC 2026
============================================================
============================================================
START: method=dr_grpo seed=3
TIME:  Tue Aug  4 10:07:03 UTC 2026
LOG:   logs/dr_grpo_full_seed3.log
============================================================
============================================================
DONE:  method=dr_grpo seed=3
TIME:  Tue Aug  4 10:55:55 UTC 2026
============================================================
============================================================
START: method=offpolicy_clip seed=3
TIME:  Tue Aug  4 10:55:55 UTC 2026
LOG:   logs/offpolicy_clip_full_seed3.log
============================================================
============================================================
DONE:  method=offpolicy_clip seed=3
TIME:  Tue Aug  4 12:13:23 UTC 2026
============================================================
ALL MULTI-SEED RUNS COMPLETED
TIME: Tue Aug  4 12:13:23 UTC 2026
