========================================================================
TinyStories Transformer training
========================================================================
Device:                cuda
Autocast dtype:        torch.bfloat16
Parameters:            14,761,344
Train tokens:          541,229,347
Validation tokens:     5,465,883
Context length:        256
Micro-batch size:      16
Gradient accumulation: 1
Effective batch size:  16
Tokens/optimizer step: 4,096
Start iteration:       0
Maximum iterations:    5,000
========================================================================
iter      1/5000 | train loss 9.2556 | lr 0.000e+00 | 9,064 tok/s
iter     10/5000 | train loss 9.2171 | lr 1.350e-05 | 63,664 tok/s
iter     20/5000 | train loss 9.0958 | lr 2.850e-05 | 63,297 tok/s
iter     30/5000 | train loss 8.8338 | lr 4.350e-05 | 63,686 tok/s
iter     40/5000 | train loss 8.5087 | lr 5.850e-05 | 63,457 tok/s
iter     50/5000 | train loss 8.1390 | lr 7.350e-05 | 61,829 tok/s
iter     60/5000 | train loss 7.7077 | lr 8.850e-05 | 58,563 tok/s
iter     70/5000 | train loss 7.2723 | lr 1.035e-04 | 57,451 tok/s
iter     80/5000 | train loss 6.8594 | lr 1.185e-04 | 57,819 tok/s
iter     90/5000 | train loss 6.3946 | lr 1.335e-04 | 55,189 tok/s
iter    100/5000 | train loss 5.8862 | lr 1.485e-04 | 57,514 tok/s
iter    110/5000 | train loss 5.6827 | lr 1.635e-04 | 56,081 tok/s
iter    120/5000 | train loss 5.2359 | lr 1.785e-04 | 57,319 tok/s
iter    130/5000 | train loss 5.0071 | lr 1.935e-04 | 55,293 tok/s
iter    140/5000 | train loss 4.7383 | lr 2.085e-04 | 58,652 tok/s
iter    150/5000 | train loss 4.6131 | lr 2.235e-04 | 60,954 tok/s
iter    160/5000 | train loss 4.3742 | lr 2.385e-04 | 62,142 tok/s
iter    170/5000 | train loss 4.3911 | lr 2.535e-04 | 61,355 tok/s
iter    180/5000 | train loss 4.2550 | lr 2.685e-04 | 63,835 tok/s
iter    190/5000 | train loss 4.1405 | lr 2.835e-04 | 62,626 tok/s
iter    200/5000 | train loss 4.0185 | lr 2.985e-04 | 59,028 tok/s
iter    210/5000 | train loss 3.9601 | lr 3.000e-04 | 55,948 tok/s
iter    220/5000 | train loss 3.9461 | lr 3.000e-04 | 55,331 tok/s
iter    230/5000 | train loss 3.8895 | lr 3.000e-04 | 52,682 tok/s
iter    240/5000 | train loss 3.7422 | lr 3.000e-04 | 52,539 tok/s
iter    250/5000 | train loss 3.7952 | lr 2.999e-04 | 57,405 tok/s
iter    250 | validation loss 3.7326
iter    260/5000 | train loss 3.8335 | lr 2.999e-04 | 58,949 tok/s
iter    270/5000 | train loss 3.5839 | lr 2.999e-04 | 59,221 tok/s
iter    280/5000 | train loss 3.7670 | lr 2.998e-04 | 64,945 tok/s
iter    290/5000 | train loss 3.6342 | lr 2.998e-04 | 64,134 tok/s
iter    300/5000 | train loss 3.7251 | lr 2.997e-04 | 64,126 tok/s
iter    310/5000 | train loss 3.3858 | lr 2.997e-04 | 61,014 tok/s
iter    320/5000 | train loss 3.4257 | lr 2.996e-04 | 57,793 tok/s
iter    330/5000 | train loss 3.5176 | lr 2.995e-04 | 57,707 tok/s
iter    340/5000 | train loss 3.6793 | lr 2.994e-04 | 59,803 tok/s
iter    350/5000 | train loss 3.3615 | lr 2.994e-04 | 58,045 tok/s
iter    360/5000 | train loss 3.3553 | lr 2.993e-04 | 59,484 tok/s
iter    370/5000 | train loss 3.4070 | lr 2.992e-04 | 59,705 tok/s
iter    380/5000 | train loss 3.2914 | lr 2.991e-04 | 59,360 tok/s
iter    390/5000 | train loss 3.4243 | lr 2.990e-04 | 63,611 tok/s
iter    400/5000 | train loss 3.3230 | lr 2.989e-04 | 64,452 tok/s
iter    410/5000 | train loss 3.2000 | lr 2.987e-04 | 63,964 tok/s
iter    420/5000 | train loss 3.1850 | lr 2.986e-04 | 65,737 tok/s
iter    430/5000 | train loss 3.2624 | lr 2.985e-04 | 61,173 tok/s
iter    440/5000 | train loss 3.2801 | lr 2.984e-04 | 59,150 tok/s
iter    450/5000 | train loss 3.0126 | lr 2.982e-04 | 59,529 tok/s
iter    460/5000 | train loss 3.1779 | lr 2.981e-04 | 60,270 tok/s
iter    470/5000 | train loss 3.0717 | lr 2.979e-04 | 59,996 tok/s
iter    480/5000 | train loss 3.1266 | lr 2.978e-04 | 60,441 tok/s
iter    490/5000 | train loss 3.1007 | lr 2.976e-04 | 61,676 tok/s
iter    500/5000 | train loss 3.1103 | lr 2.974e-04 | 61,941 tok/s
iter    500 | validation loss 3.1215
Saved checkpoint: runs/tinystories_15m/checkpoints/step_000500.pt
iter    510/5000 | train loss 3.1062 | lr 2.972e-04 | 44,737 tok/s
iter    520/5000 | train loss 3.0891 | lr 2.971e-04 | 59,392 tok/s
iter    530/5000 | train loss 3.0239 | lr 2.969e-04 | 63,719 tok/s
iter    540/5000 | train loss 3.0109 | lr 2.967e-04 | 60,198 tok/s
iter    550/5000 | train loss 3.0393 | lr 2.965e-04 | 57,833 tok/s
iter    560/5000 | train loss 3.0816 | lr 2.963e-04 | 58,777 tok/s
iter    570/5000 | train loss 2.9976 | lr 2.961e-04 | 59,311 tok/s
iter    580/5000 | train loss 3.0567 | lr 2.959e-04 | 57,623 tok/s
iter    590/5000 | train loss 2.8620 | lr 2.956e-04 | 55,996 tok/s
iter    600/5000 | train loss 3.0780 | lr 2.954e-04 | 54,849 tok/s
iter    610/5000 | train loss 2.9241 | lr 2.952e-04 | 54,150 tok/s
iter    620/5000 | train loss 3.0480 | lr 2.950e-04 | 54,995 tok/s
iter    630/5000 | train loss 2.9108 | lr 2.947e-04 | 58,340 tok/s
iter    640/5000 | train loss 3.0341 | lr 2.945e-04 | 55,271 tok/s
iter    650/5000 | train loss 2.7083 | lr 2.942e-04 | 57,765 tok/s
iter    660/5000 | train loss 3.0573 | lr 2.940e-04 | 56,001 tok/s
iter    670/5000 | train loss 2.9709 | lr 2.937e-04 | 57,285 tok/s
iter    680/5000 | train loss 2.8839 | lr 2.934e-04 | 54,527 tok/s
iter    690/5000 | train loss 2.8787 | lr 2.931e-04 | 38,944 tok/s
iter    700/5000 | train loss 2.9133 | lr 2.929e-04 | 54,486 tok/s
iter    710/5000 | train loss 3.0002 | lr 2.926e-04 | 53,462 tok/s
iter    720/5000 | train loss 2.8591 | lr 2.923e-04 | 56,025 tok/s
iter    730/5000 | train loss 2.8276 | lr 2.920e-04 | 55,270 tok/s
iter    740/5000 | train loss 2.7575 | lr 2.917e-04 | 58,848 tok/s
iter    750/5000 | train loss 2.8813 | lr 2.914e-04 | 58,855 tok/s
iter    750 | validation loss 2.8514
iter    760/5000 | train loss 2.7786 | lr 2.911e-04 | 63,200 tok/s
iter    770/5000 | train loss 2.8268 | lr 2.907e-04 | 59,037 tok/s
iter    780/5000 | train loss 2.8686 | lr 2.904e-04 | 55,548 tok/s
iter    790/5000 | train loss 2.7515 | lr 2.901e-04 | 55,574 tok/s
iter    800/5000 | train loss 2.8917 | lr 2.898e-04 | 55,795 tok/s
iter    810/5000 | train loss 2.7085 | lr 2.894e-04 | 57,473 tok/s
iter    820/5000 | train loss 2.8868 | lr 2.891e-04 | 56,722 tok/s
iter    830/5000 | train loss 2.8712 | lr 2.887e-04 | 55,525 tok/s
iter    840/5000 | train loss 2.8130 | lr 2.884e-04 | 60,654 tok/s
iter    850/5000 | train loss 2.7244 | lr 2.880e-04 | 60,679 tok/s
iter    860/5000 | train loss 2.6601 | lr 2.876e-04 | 61,101 tok/s
iter    870/5000 | train loss 2.8442 | lr 2.873e-04 | 59,399 tok/s
iter    880/5000 | train loss 2.8334 | lr 2.869e-04 | 60,568 tok/s
iter    890/5000 | train loss 2.9045 | lr 2.865e-04 | 58,376 tok/s
iter    900/5000 | train loss 2.8590 | lr 2.861e-04 | 57,704 tok/s
iter    910/5000 | train loss 2.6534 | lr 2.857e-04 | 58,926 tok/s
iter    920/5000 | train loss 2.7168 | lr 2.853e-04 | 56,027 tok/s
iter    930/5000 | train loss 2.7803 | lr 2.849e-04 | 55,078 tok/s
iter    940/5000 | train loss 2.7280 | lr 2.845e-04 | 56,137 tok/s
iter    950/5000 | train loss 2.7886 | lr 2.841e-04 | 55,759 tok/s
iter    960/5000 | train loss 2.7839 | lr 2.837e-04 | 59,719 tok/s
iter    970/5000 | train loss 2.8371 | lr 2.833e-04 | 61,665 tok/s
iter    980/5000 | train loss 2.6530 | lr 2.828e-04 | 61,682 tok/s
iter    990/5000 | train loss 2.6856 | lr 2.824e-04 | 60,995 tok/s
iter   1000/5000 | train loss 2.6487 | lr 2.820e-04 | 59,868 tok/s
iter   1000 | validation loss 2.7182
Saved checkpoint: runs/tinystories_15m/checkpoints/step_001000.pt
iter   1010/5000 | train loss 2.6651 | lr 2.815e-04 | 42,001 tok/s
iter   1020/5000 | train loss 2.6367 | lr 2.811e-04 | 60,200 tok/s
iter   1030/5000 | train loss 2.6398 | lr 2.806e-04 | 60,250 tok/s
iter   1040/5000 | train loss 2.6073 | lr 2.802e-04 | 61,482 tok/s
iter   1050/5000 | train loss 2.5892 | lr 2.797e-04 | 62,391 tok/s
iter   1060/5000 | train loss 2.7086 | lr 2.792e-04 | 60,714 tok/s
iter   1070/5000 | train loss 2.7544 | lr 2.787e-04 | 62,085 tok/s
iter   1080/5000 | train loss 2.6338 | lr 2.783e-04 | 60,814 tok/s
iter   1090/5000 | train loss 2.5361 | lr 2.778e-04 | 61,798 tok/s
iter   1100/5000 | train loss 2.6395 | lr 2.773e-04 | 62,049 tok/s
iter   1110/5000 | train loss 2.5746 | lr 2.768e-04 | 59,756 tok/s
iter   1120/5000 | train loss 2.6723 | lr 2.763e-04 | 60,625 tok/s
iter   1130/5000 | train loss 2.7455 | lr 2.758e-04 | 61,007 tok/s
iter   1140/5000 | train loss 2.7320 | lr 2.753e-04 | 54,514 tok/s
iter   1150/5000 | train loss 2.5143 | lr 2.748e-04 | 55,140 tok/s
iter   1160/5000 | train loss 2.8302 | lr 2.743e-04 | 57,266 tok/s
iter   1170/5000 | train loss 2.5501 | lr 2.737e-04 | 57,528 tok/s
iter   1180/5000 | train loss 2.6801 | lr 2.732e-04 | 54,053 tok/s
iter   1190/5000 | train loss 2.5595 | lr 2.727e-04 | 56,916 tok/s
iter   1200/5000 | train loss 2.6203 | lr 2.722e-04 | 58,518 tok/s
iter   1210/5000 | train loss 2.5414 | lr 2.716e-04 | 61,058 tok/s
iter   1220/5000 | train loss 2.8020 | lr 2.711e-04 | 61,050 tok/s
iter   1230/5000 | train loss 2.5742 | lr 2.705e-04 | 60,469 tok/s
iter   1240/5000 | train loss 2.5554 | lr 2.700e-04 | 57,502 tok/s
iter   1250/5000 | train loss 2.7962 | lr 2.694e-04 | 58,778 tok/s
iter   1250 | validation loss 2.6166
iter   1260/5000 | train loss 2.4213 | lr 2.689e-04 | 52,320 tok/s
iter   1270/5000 | train loss 2.5905 | lr 2.683e-04 | 55,515 tok/s
iter   1280/5000 | train loss 2.5038 | lr 2.677e-04 | 54,898 tok/s
iter   1290/5000 | train loss 2.7175 | lr 2.671e-04 | 56,023 tok/s
iter   1300/5000 | train loss 2.5506 | lr 2.666e-04 | 55,736 tok/s
iter   1310/5000 | train loss 2.3895 | lr 2.660e-04 | 59,094 tok/s
iter   1320/5000 | train loss 2.7117 | lr 2.654e-04 | 63,799 tok/s
iter   1330/5000 | train loss 2.5403 | lr 2.648e-04 | 63,226 tok/s
iter   1340/5000 | train loss 2.6388 | lr 2.642e-04 | 66,920 tok/s
iter   1350/5000 | train loss 2.6577 | lr 2.636e-04 | 65,855 tok/s
iter   1360/5000 | train loss 2.5240 | lr 2.630e-04 | 56,958 tok/s
iter   1370/5000 | train loss 2.6892 | lr 2.624e-04 | 55,495 tok/s
iter   1380/5000 | train loss 2.6752 | lr 2.618e-04 | 59,395 tok/s
iter   1390/5000 | train loss 2.3327 | lr 2.611e-04 | 59,248 tok/s
iter   1400/5000 | train loss 2.6085 | lr 2.605e-04 | 54,350 tok/s
iter   1410/5000 | train loss 2.4207 | lr 2.599e-04 | 60,613 tok/s
iter   1420/5000 | train loss 2.6714 | lr 2.593e-04 | 60,131 tok/s
iter   1430/5000 | train loss 2.6306 | lr 2.586e-04 | 59,277 tok/s
iter   1440/5000 | train loss 2.5362 | lr 2.580e-04 | 54,277 tok/s
iter   1450/5000 | train loss 2.5507 | lr 2.573e-04 | 64,600 tok/s
iter   1460/5000 | train loss 2.6645 | lr 2.567e-04 | 58,525 tok/s
iter   1470/5000 | train loss 2.6726 | lr 2.561e-04 | 60,701 tok/s
iter   1480/5000 | train loss 2.5337 | lr 2.554e-04 | 60,826 tok/s
iter   1490/5000 | train loss 2.3578 | lr 2.547e-04 | 66,318 tok/s
iter   1500/5000 | train loss 2.6971 | lr 2.541e-04 | 58,532 tok/s
iter   1500 | validation loss 2.5208
Saved checkpoint: runs/tinystories_15m/checkpoints/step_001500.pt
iter   1510/5000 | train loss 2.6191 | lr 2.534e-04 | 42,239 tok/s
iter   1520/5000 | train loss 2.4990 | lr 2.527e-04 | 59,871 tok/s
iter   1530/5000 | train loss 2.3575 | lr 2.521e-04 | 57,314 tok/s
iter   1540/5000 | train loss 2.5188 | lr 2.514e-04 | 59,305 tok/s
iter   1550/5000 | train loss 2.3648 | lr 2.507e-04 | 53,814 tok/s
iter   1560/5000 | train loss 2.4550 | lr 2.500e-04 | 60,352 tok/s
iter   1570/5000 | train loss 2.5979 | lr 2.493e-04 | 64,313 tok/s
iter   1580/5000 | train loss 2.4549 | lr 2.486e-04 | 61,932 tok/s
iter   1590/5000 | train loss 2.5078 | lr 2.480e-04 | 60,460 tok/s
iter   1600/5000 | train loss 2.4296 | lr 2.473e-04 | 57,251 tok/s
iter   1610/5000 | train loss 2.6223 | lr 2.466e-04 | 56,992 tok/s
iter   1620/5000 | train loss 2.5943 | lr 2.458e-04 | 59,169 tok/s
iter   1630/5000 | train loss 2.6978 | lr 2.451e-04 | 53,928 tok/s
iter   1640/5000 | train loss 2.5673 | lr 2.444e-04 | 59,391 tok/s
iter   1650/5000 | train loss 2.5169 | lr 2.437e-04 | 55,595 tok/s
iter   1660/5000 | train loss 2.4231 | lr 2.430e-04 | 56,778 tok/s
iter   1670/5000 | train loss 2.4501 | lr 2.423e-04 | 67,003 tok/s
iter   1680/5000 | train loss 2.4199 | lr 2.415e-04 | 58,561 tok/s
iter   1690/5000 | train loss 2.5502 | lr 2.408e-04 | 62,485 tok/s
iter   1700/5000 | train loss 2.4135 | lr 2.401e-04 | 63,823 tok/s
iter   1710/5000 | train loss 2.4266 | lr 2.393e-04 | 65,905 tok/s
iter   1720/5000 | train loss 2.6942 | lr 2.386e-04 | 66,182 tok/s
iter   1730/5000 | train loss 2.4294 | lr 2.379e-04 | 65,293 tok/s
iter   1740/5000 | train loss 2.3791 | lr 2.371e-04 | 66,329 tok/s
iter   1750/5000 | train loss 2.5215 | lr 2.364e-04 | 66,231 tok/s
iter   1750 | validation loss 2.4931
iter   1760/5000 | train loss 2.1775 | lr 2.356e-04 | 66,793 tok/s
iter   1770/5000 | train loss 2.5158 | lr 2.349e-04 | 65,658 tok/s
iter   1780/5000 | train loss 2.4428 | lr 2.341e-04 | 66,945 tok/s
iter   1790/5000 | train loss 2.3969 | lr 2.333e-04 | 66,288 tok/s
iter   1800/5000 | train loss 2.4967 | lr 2.326e-04 | 66,177 tok/s
iter   1810/5000 | train loss 2.3941 | lr 2.318e-04 | 65,943 tok/s
iter   1820/5000 | train loss 2.3935 | lr 2.310e-04 | 64,586 tok/s
iter   1830/5000 | train loss 2.5884 | lr 2.303e-04 | 62,048 tok/s
iter   1840/5000 | train loss 2.6129 | lr 2.295e-04 | 57,743 tok/s
iter   1850/5000 | train loss 2.5070 | lr 2.287e-04 | 60,969 tok/s
iter   1860/5000 | train loss 2.6988 | lr 2.279e-04 | 62,394 tok/s
iter   1870/5000 | train loss 2.3764 | lr 2.272e-04 | 63,070 tok/s
iter   1880/5000 | train loss 2.6743 | lr 2.264e-04 | 61,717 tok/s
iter   1890/5000 | train loss 2.6325 | lr 2.256e-04 | 61,436 tok/s
iter   1900/5000 | train loss 2.5499 | lr 2.248e-04 | 56,597 tok/s
iter   1910/5000 | train loss 2.5874 | lr 2.240e-04 | 59,660 tok/s
iter   1920/5000 | train loss 2.3256 | lr 2.232e-04 | 61,255 tok/s
iter   1930/5000 | train loss 2.3361 | lr 2.224e-04 | 61,423 tok/s
iter   1940/5000 | train loss 2.5914 | lr 2.216e-04 | 66,599 tok/s
iter   1950/5000 | train loss 2.2912 | lr 2.208e-04 | 65,337 tok/s
iter   1960/5000 | train loss 2.4953 | lr 2.200e-04 | 60,063 tok/s
iter   1970/5000 | train loss 2.3024 | lr 2.192e-04 | 58,347 tok/s
iter   1980/5000 | train loss 2.3819 | lr 2.184e-04 | 55,407 tok/s
iter   1990/5000 | train loss 2.4467 | lr 2.176e-04 | 54,930 tok/s
iter   2000/5000 | train loss 2.4126 | lr 2.167e-04 | 56,519 tok/s
iter   2000 | validation loss 2.4291
Saved checkpoint: runs/tinystories_15m/checkpoints/step_002000.pt
iter   2010/5000 | train loss 2.3846 | lr 2.159e-04 | 39,893 tok/s
iter   2020/5000 | train loss 2.3564 | lr 2.151e-04 | 54,089 tok/s
iter   2030/5000 | train loss 2.3941 | lr 2.143e-04 | 54,285 tok/s
iter   2040/5000 | train loss 2.4931 | lr 2.135e-04 | 61,196 tok/s
iter   2050/5000 | train loss 2.3200 | lr 2.126e-04 | 63,532 tok/s
iter   2060/5000 | train loss 2.4401 | lr 2.118e-04 | 58,668 tok/s
iter   2070/5000 | train loss 2.4307 | lr 2.110e-04 | 62,772 tok/s
iter   2080/5000 | train loss 2.3120 | lr 2.101e-04 | 60,474 tok/s
iter   2090/5000 | train loss 2.2899 | lr 2.093e-04 | 60,282 tok/s
iter   2100/5000 | train loss 2.4386 | lr 2.085e-04 | 60,499 tok/s
iter   2110/5000 | train loss 2.5156 | lr 2.076e-04 | 60,583 tok/s
iter   2120/5000 | train loss 2.3393 | lr 2.068e-04 | 59,888 tok/s
iter   2130/5000 | train loss 2.5231 | lr 2.060e-04 | 60,572 tok/s
iter   2140/5000 | train loss 2.5351 | lr 2.051e-04 | 60,321 tok/s
iter   2150/5000 | train loss 2.4446 | lr 2.043e-04 | 60,121 tok/s
iter   2160/5000 | train loss 2.3676 | lr 2.034e-04 | 62,946 tok/s
iter   2170/5000 | train loss 2.4476 | lr 2.026e-04 | 64,268 tok/s
iter   2180/5000 | train loss 2.2387 | lr 2.017e-04 | 64,427 tok/s
iter   2190/5000 | train loss 2.5546 | lr 2.009e-04 | 64,741 tok/s
iter   2200/5000 | train loss 2.5008 | lr 2.000e-04 | 61,926 tok/s
iter   2210/5000 | train loss 2.3174 | lr 1.992e-04 | 61,093 tok/s
iter   2220/5000 | train loss 2.2145 | lr 1.983e-04 | 61,345 tok/s
iter   2230/5000 | train loss 2.4782 | lr 1.975e-04 | 61,577 tok/s
iter   2240/5000 | train loss 2.3209 | lr 1.966e-04 | 61,139 tok/s
iter   2250/5000 | train loss 2.3300 | lr 1.957e-04 | 61,313 tok/s
iter   2250 | validation loss 2.3817
iter   2260/5000 | train loss 2.3304 | lr 1.949e-04 | 61,474 tok/s
iter   2270/5000 | train loss 2.4014 | lr 1.940e-04 | 61,344 tok/s
iter   2280/5000 | train loss 2.3522 | lr 1.932e-04 | 63,230 tok/s
iter   2290/5000 | train loss 2.3904 | lr 1.923e-04 | 64,910 tok/s
iter   2300/5000 | train loss 2.4176 | lr 1.914e-04 | 65,079 tok/s
iter   2310/5000 | train loss 2.2907 | lr 1.906e-04 | 61,374 tok/s
iter   2320/5000 | train loss 2.4102 | lr 1.897e-04 | 57,409 tok/s
iter   2330/5000 | train loss 2.2693 | lr 1.888e-04 | 55,996 tok/s
iter   2340/5000 | train loss 2.2989 | lr 1.879e-04 | 60,066 tok/s
iter   2350/5000 | train loss 2.1771 | lr 1.871e-04 | 61,582 tok/s
iter   2360/5000 | train loss 2.3290 | lr 1.862e-04 | 61,086 tok/s
iter   2370/5000 | train loss 2.2886 | lr 1.853e-04 | 61,254 tok/s
iter   2380/5000 | train loss 2.5186 | lr 1.845e-04 | 61,421 tok/s
iter   2390/5000 | train loss 2.3615 | lr 1.836e-04 | 61,465 tok/s
iter   2400/5000 | train loss 2.2085 | lr 1.827e-04 | 61,487 tok/s
iter   2410/5000 | train loss 2.4459 | lr 1.818e-04 | 61,322 tok/s
iter   2420/5000 | train loss 2.3636 | lr 1.810e-04 | 61,525 tok/s
iter   2430/5000 | train loss 2.3397 | lr 1.801e-04 | 64,077 tok/s
iter   2440/5000 | train loss 2.1503 | lr 1.792e-04 | 64,849 tok/s
iter   2450/5000 | train loss 2.4779 | lr 1.783e-04 | 63,413 tok/s
iter   2460/5000 | train loss 2.2965 | lr 1.774e-04 | 57,789 tok/s
iter   2470/5000 | train loss 2.2695 | lr 1.766e-04 | 57,287 tok/s
iter   2480/5000 | train loss 2.3777 | lr 1.757e-04 | 55,520 tok/s
iter   2490/5000 | train loss 2.4340 | lr 1.748e-04 | 55,914 tok/s
iter   2500/5000 | train loss 2.3804 | lr 1.739e-04 | 56,281 tok/s
iter   2500 | validation loss 2.3196
Saved checkpoint: runs/tinystories_15m/checkpoints/step_002500.pt
iter   2510/5000 | train loss 2.2166 | lr 1.730e-04 | 41,163 tok/s
iter   2520/5000 | train loss 2.1671 | lr 1.722e-04 | 63,795 tok/s
iter   2530/5000 | train loss 2.3880 | lr 1.713e-04 | 64,403 tok/s
iter   2540/5000 | train loss 2.4094 | lr 1.704e-04 | 63,613 tok/s
iter   2550/5000 | train loss 2.3259 | lr 1.695e-04 | 63,931 tok/s
iter   2560/5000 | train loss 2.2586 | lr 1.686e-04 | 60,518 tok/s
iter   2570/5000 | train loss 2.3977 | lr 1.677e-04 | 60,076 tok/s
iter   2580/5000 | train loss 2.2244 | lr 1.669e-04 | 59,886 tok/s
iter   2590/5000 | train loss 2.2551 | lr 1.660e-04 | 60,083 tok/s
iter   2600/5000 | train loss 2.1352 | lr 1.651e-04 | 60,297 tok/s
iter   2610/5000 | train loss 2.2920 | lr 1.642e-04 | 62,799 tok/s
iter   2620/5000 | train loss 2.3758 | lr 1.633e-04 | 61,315 tok/s
iter   2630/5000 | train loss 2.3631 | lr 1.624e-04 | 63,367 tok/s
iter   2640/5000 | train loss 2.3294 | lr 1.616e-04 | 66,260 tok/s
iter   2650/5000 | train loss 2.3875 | lr 1.607e-04 | 63,200 tok/s
iter   2660/5000 | train loss 2.3635 | lr 1.598e-04 | 64,642 tok/s
iter   2670/5000 | train loss 2.3930 | lr 1.589e-04 | 64,907 tok/s
iter   2680/5000 | train loss 2.2344 | lr 1.580e-04 | 63,663 tok/s
iter   2690/5000 | train loss 2.3291 | lr 1.571e-04 | 58,108 tok/s
iter   2700/5000 | train loss 2.3977 | lr 1.563e-04 | 63,177 tok/s
iter   2710/5000 | train loss 2.3761 | lr 1.554e-04 | 64,073 tok/s
iter   2720/5000 | train loss 2.3588 | lr 1.545e-04 | 61,122 tok/s
iter   2730/5000 | train loss 2.3960 | lr 1.536e-04 | 61,392 tok/s
iter   2740/5000 | train loss 2.2950 | lr 1.527e-04 | 61,817 tok/s
iter   2750/5000 | train loss 2.1541 | lr 1.519e-04 | 62,402 tok/s
iter   2750 | validation loss 2.2859
iter   2760/5000 | train loss 2.4801 | lr 1.510e-04 | 63,963 tok/s
iter   2770/5000 | train loss 2.3408 | lr 1.501e-04 | 65,432 tok/s
iter   2780/5000 | train loss 2.3726 | lr 1.492e-04 | 63,619 tok/s
iter   2790/5000 | train loss 2.4851 | lr 1.483e-04 | 63,169 tok/s
iter   2800/5000 | train loss 2.4683 | lr 1.475e-04 | 60,031 tok/s
iter   2810/5000 | train loss 2.2885 | lr 1.466e-04 | 60,728 tok/s
iter   2820/5000 | train loss 2.2757 | lr 1.457e-04 | 61,240 tok/s
iter   2830/5000 | train loss 2.3455 | lr 1.448e-04 | 61,749 tok/s
iter   2840/5000 | train loss 2.4152 | lr 1.440e-04 | 61,213 tok/s
iter   2850/5000 | train loss 2.3948 | lr 1.431e-04 | 61,313 tok/s
iter   2860/5000 | train loss 2.4509 | lr 1.422e-04 | 61,135 tok/s
iter   2870/5000 | train loss 2.5037 | lr 1.414e-04 | 58,730 tok/s
iter   2880/5000 | train loss 2.4366 | lr 1.405e-04 | 61,112 tok/s
iter   2890/5000 | train loss 2.4587 | lr 1.396e-04 | 64,001 tok/s
iter   2900/5000 | train loss 2.3620 | lr 1.387e-04 | 63,964 tok/s
iter   2910/5000 | train loss 2.2336 | lr 1.379e-04 | 62,010 tok/s
iter   2920/5000 | train loss 2.3330 | lr 1.370e-04 | 64,606 tok/s
iter   2930/5000 | train loss 2.2695 | lr 1.362e-04 | 65,016 tok/s
iter   2940/5000 | train loss 2.3054 | lr 1.353e-04 | 66,421 tok/s
iter   2950/5000 | train loss 2.4078 | lr 1.344e-04 | 70,788 tok/s
iter   2960/5000 | train loss 2.1783 | lr 1.336e-04 | 70,716 tok/s
iter   2970/5000 | train loss 2.4330 | lr 1.327e-04 | 68,546 tok/s
iter   2980/5000 | train loss 2.2202 | lr 1.319e-04 | 70,903 tok/s
iter   2990/5000 | train loss 2.4054 | lr 1.310e-04 | 69,447 tok/s
iter   3000/5000 | train loss 2.1883 | lr 1.301e-04 | 68,984 tok/s
iter   3000 | validation loss 2.2753
Saved checkpoint: runs/tinystories_15m/checkpoints/step_003000.pt
iter   3010/5000 | train loss 2.3600 | lr 1.293e-04 | 46,863 tok/s
iter   3020/5000 | train loss 2.3048 | lr 1.284e-04 | 68,792 tok/s
iter   3030/5000 | train loss 2.2147 | lr 1.276e-04 | 70,721 tok/s
iter   3040/5000 | train loss 2.3105 | lr 1.267e-04 | 67,950 tok/s
iter   3050/5000 | train loss 2.4542 | lr 1.259e-04 | 69,685 tok/s
iter   3060/5000 | train loss 2.2408 | lr 1.251e-04 | 67,304 tok/s
iter   3070/5000 | train loss 2.1688 | lr 1.242e-04 | 66,453 tok/s
iter   3080/5000 | train loss 2.3920 | lr 1.234e-04 | 66,387 tok/s
iter   3090/5000 | train loss 2.2479 | lr 1.225e-04 | 66,850 tok/s
iter   3100/5000 | train loss 2.2210 | lr 1.217e-04 | 64,801 tok/s
iter   3110/5000 | train loss 2.2945 | lr 1.209e-04 | 64,967 tok/s
iter   3120/5000 | train loss 2.2990 | lr 1.200e-04 | 64,096 tok/s
iter   3130/5000 | train loss 2.2255 | lr 1.192e-04 | 66,588 tok/s
iter   3140/5000 | train loss 2.3620 | lr 1.184e-04 | 66,032 tok/s
iter   3150/5000 | train loss 2.2525 | lr 1.175e-04 | 66,416 tok/s
iter   3160/5000 | train loss 2.2483 | lr 1.167e-04 | 67,063 tok/s
iter   3170/5000 | train loss 2.3729 | lr 1.159e-04 | 63,620 tok/s
iter   3180/5000 | train loss 2.2367 | lr 1.151e-04 | 61,322 tok/s
iter   3190/5000 | train loss 2.2932 | lr 1.142e-04 | 58,314 tok/s
iter   3200/5000 | train loss 2.3464 | lr 1.134e-04 | 58,472 tok/s
iter   3210/5000 | train loss 2.4448 | lr 1.126e-04 | 61,752 tok/s
iter   3220/5000 | train loss 2.2033 | lr 1.118e-04 | 61,018 tok/s
iter   3230/5000 | train loss 2.3392 | lr 1.110e-04 | 60,882 tok/s
iter   3240/5000 | train loss 2.3882 | lr 1.102e-04 | 62,172 tok/s
iter   3250/5000 | train loss 2.1927 | lr 1.094e-04 | 59,957 tok/s
iter   3250 | validation loss 2.2592
iter   3260/5000 | train loss 2.3500 | lr 1.086e-04 | 62,698 tok/s
iter   3270/5000 | train loss 2.0378 | lr 1.078e-04 | 59,233 tok/s
iter   3280/5000 | train loss 2.2908 | lr 1.070e-04 | 62,405 tok/s
iter   3290/5000 | train loss 2.1338 | lr 1.062e-04 | 63,023 tok/s
iter   3300/5000 | train loss 2.2461 | lr 1.054e-04 | 62,777 tok/s
iter   3310/5000 | train loss 2.3103 | lr 1.046e-04 | 62,559 tok/s
iter   3320/5000 | train loss 2.1800 | lr 1.038e-04 | 61,581 tok/s
iter   3330/5000 | train loss 2.2286 | lr 1.030e-04 | 58,121 tok/s
iter   3340/5000 | train loss 2.3689 | lr 1.022e-04 | 57,460 tok/s
iter   3350/5000 | train loss 2.2985 | lr 1.014e-04 | 61,952 tok/s
iter   3360/5000 | train loss 2.0124 | lr 1.007e-04 | 60,246 tok/s
iter   3370/5000 | train loss 2.2291 | lr 9.989e-05 | 62,455 tok/s
iter   3380/5000 | train loss 2.4203 | lr 9.911e-05 | 60,888 tok/s
iter   3390/5000 | train loss 2.1012 | lr 9.834e-05 | 61,743 tok/s
iter   3400/5000 | train loss 2.1520 | lr 9.758e-05 | 66,420 tok/s
iter   3410/5000 | train loss 2.0148 | lr 9.681e-05 | 65,403 tok/s
iter   3420/5000 | train loss 2.4003 | lr 9.605e-05 | 65,402 tok/s
iter   3430/5000 | train loss 2.1281 | lr 9.529e-05 | 62,663 tok/s
iter   3440/5000 | train loss 2.2708 | lr 9.454e-05 | 60,995 tok/s
iter   3450/5000 | train loss 2.2747 | lr 9.379e-05 | 62,554 tok/s
iter   3460/5000 | train loss 2.2126 | lr 9.304e-05 | 61,347 tok/s
iter   3470/5000 | train loss 2.1573 | lr 9.229e-05 | 61,978 tok/s
iter   3480/5000 | train loss 2.2935 | lr 9.155e-05 | 61,980 tok/s
iter   3490/5000 | train loss 2.4222 | lr 9.081e-05 | 62,086 tok/s
iter   3500/5000 | train loss 2.1121 | lr 9.007e-05 | 58,825 tok/s
iter   3500 | validation loss 2.2191
Saved checkpoint: runs/tinystories_15m/checkpoints/step_003500.pt
iter   3510/5000 | train loss 2.1218 | lr 8.934e-05 | 42,748 tok/s
iter   3520/5000 | train loss 2.2976 | lr 8.861e-05 | 59,512 tok/s
iter   3530/5000 | train loss 2.3614 | lr 8.788e-05 | 60,030 tok/s
iter   3540/5000 | train loss 2.1761 | lr 8.716e-05 | 61,423 tok/s
iter   3550/5000 | train loss 2.1835 | lr 8.644e-05 | 60,785 tok/s
iter   3560/5000 | train loss 2.2816 | lr 8.572e-05 | 62,342 tok/s
iter   3570/5000 | train loss 2.0642 | lr 8.501e-05 | 65,110 tok/s
iter   3580/5000 | train loss 2.1055 | lr 8.430e-05 | 65,174 tok/s
iter   3590/5000 | train loss 2.3467 | lr 8.359e-05 | 62,029 tok/s
iter   3600/5000 | train loss 2.2520 | lr 8.289e-05 | 60,832 tok/s
iter   3610/5000 | train loss 2.2547 | lr 8.219e-05 | 65,106 tok/s
iter   3620/5000 | train loss 2.5992 | lr 8.149e-05 | 61,126 tok/s
iter   3630/5000 | train loss 2.3758 | lr 8.080e-05 | 65,229 tok/s
iter   3640/5000 | train loss 2.2283 | lr 8.011e-05 | 64,631 tok/s
iter   3650/5000 | train loss 2.3755 | lr 7.943e-05 | 65,271 tok/s
iter   3660/5000 | train loss 2.3205 | lr 7.874e-05 | 65,327 tok/s
iter   3670/5000 | train loss 2.3410 | lr 7.807e-05 | 65,237 tok/s
iter   3680/5000 | train loss 2.1832 | lr 7.739e-05 | 64,467 tok/s
iter   3690/5000 | train loss 2.2582 | lr 7.672e-05 | 62,271 tok/s
iter   3700/5000 | train loss 2.3499 | lr 7.605e-05 | 64,274 tok/s
iter   3710/5000 | train loss 2.2832 | lr 7.539e-05 | 64,271 tok/s
iter   3720/5000 | train loss 2.3194 | lr 7.473e-05 | 64,540 tok/s
iter   3730/5000 | train loss 2.2173 | lr 7.408e-05 | 63,805 tok/s
iter   3740/5000 | train loss 2.3146 | lr 7.343e-05 | 61,322 tok/s
iter   3750/5000 | train loss 2.1044 | lr 7.278e-05 | 64,453 tok/s
iter   3750 | validation loss 2.2172
iter   3760/5000 | train loss 2.2607 | lr 7.214e-05 | 64,388 tok/s
iter   3770/5000 | train loss 2.1997 | lr 7.150e-05 | 64,475 tok/s
iter   3780/5000 | train loss 2.2222 | lr 7.086e-05 | 68,297 tok/s
iter   3790/5000 | train loss 2.3012 | lr 7.023e-05 | 66,544 tok/s
iter   3800/5000 | train loss 2.2134 | lr 6.960e-05 | 63,069 tok/s
iter   3810/5000 | train loss 2.2210 | lr 6.898e-05 | 62,366 tok/s
iter   3820/5000 | train loss 2.0991 | lr 6.836e-05 | 65,301 tok/s
iter   3830/5000 | train loss 2.2760 | lr 6.775e-05 | 65,729 tok/s
iter   3840/5000 | train loss 2.1228 | lr 6.714e-05 | 65,316 tok/s
iter   3850/5000 | train loss 2.2766 | lr 6.653e-05 | 64,235 tok/s
iter   3860/5000 | train loss 2.1815 | lr 6.593e-05 | 64,626 tok/s
iter   3870/5000 | train loss 2.1913 | lr 6.533e-05 | 59,689 tok/s
iter   3880/5000 | train loss 2.2760 | lr 6.473e-05 | 60,447 tok/s
iter   3890/5000 | train loss 2.1196 | lr 6.415e-05 | 59,531 tok/s
iter   3900/5000 | train loss 2.2694 | lr 6.356e-05 | 60,595 tok/s
iter   3910/5000 | train loss 2.2929 | lr 6.298e-05 | 63,095 tok/s
iter   3920/5000 | train loss 2.2994 | lr 6.240e-05 | 66,288 tok/s
iter   3930/5000 | train loss 2.3811 | lr 6.183e-05 | 66,096 tok/s
iter   3940/5000 | train loss 2.1875 | lr 6.126e-05 | 65,977 tok/s
iter   3950/5000 | train loss 2.3613 | lr 6.070e-05 | 59,395 tok/s
iter   3960/5000 | train loss 2.0623 | lr 6.014e-05 | 65,455 tok/s
iter   3970/5000 | train loss 2.3080 | lr 5.959e-05 | 64,935 tok/s
iter   3980/5000 | train loss 2.1434 | lr 5.904e-05 | 61,606 tok/s
iter   3990/5000 | train loss 2.0960 | lr 5.849e-05 | 60,580 tok/s
iter   4000/5000 | train loss 2.0258 | lr 5.795e-05 | 63,729 tok/s
iter   4000 | validation loss 2.2180
Saved checkpoint: runs/tinystories_15m/checkpoints/step_004000.pt
iter   4010/5000 | train loss 2.3475 | lr 5.742e-05 | 43,884 tok/s
iter   4020/5000 | train loss 2.2221 | lr 5.688e-05 | 61,108 tok/s
iter   4030/5000 | train loss 2.4630 | lr 5.636e-05 | 62,505 tok/s
iter   4040/5000 | train loss 2.1537 | lr 5.583e-05 | 59,587 tok/s
iter   4050/5000 | train loss 2.3969 | lr 5.532e-05 | 61,296 tok/s
iter   4060/5000 | train loss 2.2511 | lr 5.480e-05 | 62,414 tok/s
iter   4070/5000 | train loss 2.2922 | lr 5.430e-05 | 62,819 tok/s
iter   4080/5000 | train loss 2.3948 | lr 5.379e-05 | 65,464 tok/s
iter   4090/5000 | train loss 2.1557 | lr 5.329e-05 | 65,862 tok/s
iter   4100/5000 | train loss 2.2657 | lr 5.280e-05 | 64,716 tok/s
iter   4110/5000 | train loss 2.1993 | lr 5.231e-05 | 65,773 tok/s
iter   4120/5000 | train loss 2.1207 | lr 5.183e-05 | 65,421 tok/s
iter   4130/5000 | train loss 2.1927 | lr 5.135e-05 | 66,080 tok/s
iter   4140/5000 | train loss 2.3159 | lr 5.087e-05 | 66,773 tok/s
iter   4150/5000 | train loss 2.1344 | lr 5.040e-05 | 66,939 tok/s
iter   4160/5000 | train loss 2.2955 | lr 4.994e-05 | 67,179 tok/s
iter   4170/5000 | train loss 2.3387 | lr 4.948e-05 | 66,522 tok/s
iter   4180/5000 | train loss 2.0288 | lr 4.903e-05 | 67,380 tok/s
iter   4190/5000 | train loss 2.2587 | lr 4.858e-05 | 67,353 tok/s
iter   4200/5000 | train loss 2.2779 | lr 4.813e-05 | 66,567 tok/s
iter   4210/5000 | train loss 2.2329 | lr 4.769e-05 | 67,082 tok/s
iter   4220/5000 | train loss 2.2317 | lr 4.726e-05 | 67,094 tok/s
iter   4230/5000 | train loss 2.0230 | lr 4.683e-05 | 67,078 tok/s
iter   4240/5000 | train loss 2.0467 | lr 4.640e-05 | 67,445 tok/s
iter   4250/5000 | train loss 2.1754 | lr 4.598e-05 | 66,434 tok/s
iter   4250 | validation loss 2.1936
iter   4260/5000 | train loss 2.1920 | lr 4.557e-05 | 66,912 tok/s
iter   4270/5000 | train loss 2.3765 | lr 4.516e-05 | 72,932 tok/s
iter   4280/5000 | train loss 2.1937 | lr 4.475e-05 | 73,654 tok/s
iter   4290/5000 | train loss 2.1921 | lr 4.436e-05 | 73,850 tok/s
iter   4300/5000 | train loss 2.2980 | lr 4.396e-05 | 73,421 tok/s
iter   4310/5000 | train loss 2.2400 | lr 4.357e-05 | 70,962 tok/s
iter   4320/5000 | train loss 2.0770 | lr 4.319e-05 | 74,137 tok/s
iter   4330/5000 | train loss 2.2178 | lr 4.281e-05 | 73,822 tok/s
iter   4340/5000 | train loss 2.1957 | lr 4.244e-05 | 73,675 tok/s
iter   4350/5000 | train loss 2.0237 | lr 4.207e-05 | 74,102 tok/s
iter   4360/5000 | train loss 2.1780 | lr 4.171e-05 | 73,123 tok/s
iter   4370/5000 | train loss 2.1262 | lr 4.135e-05 | 69,772 tok/s
iter   4380/5000 | train loss 2.2054 | lr 4.100e-05 | 67,762 tok/s
iter   4390/5000 | train loss 2.2699 | lr 4.065e-05 | 67,688 tok/s
iter   4400/5000 | train loss 2.1997 | lr 4.031e-05 | 67,459 tok/s
iter   4410/5000 | train loss 2.2033 | lr 3.997e-05 | 67,628 tok/s
iter   4420/5000 | train loss 2.1846 | lr 3.964e-05 | 66,712 tok/s
iter   4430/5000 | train loss 2.0664 | lr 3.932e-05 | 67,845 tok/s
iter   4440/5000 | train loss 2.1382 | lr 3.900e-05 | 67,476 tok/s
iter   4450/5000 | train loss 2.1290 | lr 3.868e-05 | 67,871 tok/s
iter   4460/5000 | train loss 2.1867 | lr 3.837e-05 | 68,041 tok/s
iter   4470/5000 | train loss 2.2086 | lr 3.807e-05 | 66,716 tok/s
iter   4480/5000 | train loss 2.1653 | lr 3.777e-05 | 68,224 tok/s
iter   4490/5000 | train loss 2.1710 | lr 3.748e-05 | 67,090 tok/s
iter   4500/5000 | train loss 2.0676 | lr 3.719e-05 | 67,674 tok/s
iter   4500 | validation loss 2.1792
Saved checkpoint: runs/tinystories_15m/checkpoints/step_004500.pt
iter   4510/5000 | train loss 2.0384 | lr 3.691e-05 | 45,476 tok/s
iter   4520/5000 | train loss 2.4143 | lr 3.663e-05 | 67,797 tok/s
iter   4530/5000 | train loss 2.2498 | lr 3.636e-05 | 66,917 tok/s
iter   4540/5000 | train loss 2.0927 | lr 3.610e-05 | 67,584 tok/s
iter   4550/5000 | train loss 2.1084 | lr 3.584e-05 | 63,064 tok/s
iter   4560/5000 | train loss 2.1268 | lr 3.558e-05 | 67,092 tok/s
iter   4570/5000 | train loss 2.1510 | lr 3.534e-05 | 67,618 tok/s
iter   4580/5000 | train loss 2.0208 | lr 3.509e-05 | 67,751 tok/s
iter   4590/5000 | train loss 2.0609 | lr 3.485e-05 | 67,377 tok/s
iter   4600/5000 | train loss 2.1096 | lr 3.462e-05 | 67,463 tok/s
iter   4610/5000 | train loss 2.2937 | lr 3.440e-05 | 67,736 tok/s
iter   4620/5000 | train loss 2.1943 | lr 3.418e-05 | 65,896 tok/s
iter   4630/5000 | train loss 2.1871 | lr 3.396e-05 | 67,582 tok/s
iter   4640/5000 | train loss 2.1238 | lr 3.375e-05 | 67,844 tok/s
iter   4650/5000 | train loss 2.1295 | lr 3.355e-05 | 68,051 tok/s
iter   4660/5000 | train loss 2.3576 | lr 3.335e-05 | 67,265 tok/s
iter   4670/5000 | train loss 2.0314 | lr 3.316e-05 | 67,347 tok/s
iter   4680/5000 | train loss 1.9398 | lr 3.297e-05 | 66,013 tok/s
iter   4690/5000 | train loss 2.0658 | lr 3.279e-05 | 67,963 tok/s
iter   4700/5000 | train loss 2.1054 | lr 3.261e-05 | 67,050 tok/s
iter   4710/5000 | train loss 2.1303 | lr 3.244e-05 | 67,432 tok/s
iter   4720/5000 | train loss 2.1116 | lr 3.228e-05 | 66,146 tok/s
iter   4730/5000 | train loss 2.0509 | lr 3.212e-05 | 67,691 tok/s
iter   4740/5000 | train loss 2.2486 | lr 3.196e-05 | 67,532 tok/s
iter   4750/5000 | train loss 2.1149 | lr 3.182e-05 | 66,917 tok/s
iter   4750 | validation loss 2.2030
iter   4760/5000 | train loss 2.2018 | lr 3.168e-05 | 68,041 tok/s
iter   4770/5000 | train loss 2.2907 | lr 3.154e-05 | 67,538 tok/s
iter   4780/5000 | train loss 2.3153 | lr 3.141e-05 | 66,138 tok/s
iter   4790/5000 | train loss 2.1400 | lr 3.129e-05 | 63,500 tok/s
iter   4800/5000 | train loss 2.3085 | lr 3.117e-05 | 63,986 tok/s
iter   4810/5000 | train loss 2.1216 | lr 3.105e-05 | 64,616 tok/s
iter   4820/5000 | train loss 2.0439 | lr 3.095e-05 | 64,670 tok/s
iter   4830/5000 | train loss 2.1898 | lr 3.084e-05 | 65,181 tok/s
iter   4840/5000 | train loss 2.3357 | lr 3.075e-05 | 64,933 tok/s
iter   4850/5000 | train loss 2.1576 | lr 3.066e-05 | 65,073 tok/s
iter   4860/5000 | train loss 2.1755 | lr 3.057e-05 | 64,265 tok/s
iter   4870/5000 | train loss 2.2567 | lr 3.050e-05 | 64,217 tok/s
iter   4880/5000 | train loss 2.1429 | lr 3.042e-05 | 64,429 tok/s
iter   4890/5000 | train loss 2.2121 | lr 3.036e-05 | 64,581 tok/s
iter   4900/5000 | train loss 2.1596 | lr 3.029e-05 | 64,276 tok/s
iter   4910/5000 | train loss 2.3528 | lr 3.024e-05 | 64,530 tok/s
iter   4920/5000 | train loss 2.2369 | lr 3.019e-05 | 62,327 tok/s
iter   4930/5000 | train loss 2.3494 | lr 3.015e-05 | 62,180 tok/s
iter   4940/5000 | train loss 2.2215 | lr 3.011e-05 | 61,363 tok/s
iter   4950/5000 | train loss 2.1778 | lr 3.008e-05 | 61,678 tok/s
iter   4960/5000 | train loss 2.2138 | lr 3.005e-05 | 62,517 tok/s
iter   4970/5000 | train loss 2.2097 | lr 3.003e-05 | 62,682 tok/s
iter   4980/5000 | train loss 2.1764 | lr 3.001e-05 | 62,761 tok/s
iter   4990/5000 | train loss 2.1032 | lr 3.000e-05 | 62,375 tok/s
iter   5000/5000 | train loss 2.1138 | lr 3.000e-05 | 62,441 tok/s
iter   5000 | validation loss 2.2002
Saved checkpoint: runs/tinystories_15m/checkpoints/step_005000.pt
========================================================================
Training completed.
Final checkpoint: runs/tinystories_15m/checkpoints/final.pt
========================================================================
